// Jest Snapshot v1, https://goo.gl/fbAQLP

exports[`Render correctly MovieBackground component 1`] = `
<div
  className="movie-card__bg"
>
  <img
    alt="any"
    src="url"
    style={
      Object {
        "backgroundColor": "color",
      }
    }
  />
</div>
`;
