// Jest Snapshot v1, https://goo.gl/fbAQLP

exports[`Render correctly CatalogLikeThis component 1`] = `
<section
  className="catalog catalog--like-this"
>
  <h2
    className="catalog__title"
  >
    More like this
  </h2>
  <div
    className="catalog__movies-list"
  />
</section>
`;
