// Jest Snapshot v1, https://goo.gl/fbAQLP

exports[`Component PrivateRouter should render correctly 1`] = `<div />`;
