// Jest Snapshot v1, https://goo.gl/fbAQLP

exports[`Render correctly MoviePoster component 1`] = `
<div
  className="movie-card__poster"
>
  <img
    alt="any"
    height="327"
    src="url"
    width="218"
  />
</div>
`;
