// Jest Snapshot v1, https://goo.gl/fbAQLP

exports[`Render correctly MyListPage component 1`] = `
<div
  className="user-page"
>
  <header
    className="page-header user-page__head"
  >
    <div
      className="logo"
    >
      <a
        className="logo__link"
        href="/"
        onClick={[Function]}
        style={Object {}}
      >
        <span
          className="logo__letter logo__letter--1"
        >
          W
        </span>
        <span
          className="logo__letter logo__letter--2"
        >
          T
        </span>
        <span
          className="logo__letter logo__letter--3"
        >
          W
        </span>
      </a>
    </div>
    <h1
      className="page-title user-page__title"
    >
      My list
    </h1>
    <div
      className="user-block"
    >
      <div
        className="user-block__avatar"
      >
        <a
          href="/mylist"
          onClick={[Function]}
        >
          <img
            alt="User avatar"
            height="63"
            src="img/1.png"
            width="63"
          />
        </a>
      </div>
    </div>
  </header>
  <section
    className="catalog"
  >
    <h2
      className="catalog__title visually-hidden"
    >
      Catalog
    </h2>
    <div
      className="catalog__movies-list"
    >
      <article
        className="small-movie-card catalog__movies-card"
        onMouseEnter={[Function]}
        onMouseLeave={[Function]}
        style={
          Object {
            "willChange": "transform",
          }
        }
      >
        <a
          href="/films/3"
          onClick={[Function]}
          style={
            Object {
              "color": "unset",
              "textDecoration": "none",
            }
          }
        >
          <div
            className="small-movie-card__image"
          >
            <video
              style={
                Object {
                  "backgroundColor": "black",
                  "display": "block",
                  "height": "100%",
                  "left": "50%",
                  "minHeight": "100%",
                  "minWidth": "100%",
                  "position": "absolute",
                  "top": "50%",
                  "transform": "translate(-50%, -50%)",
                  "width": "100%",
                }
              }
            />
          </div>
          <h3
            className="small-movie-card__title"
          >
            filmTwo
          </h3>
        </a>
      </article>
    </div>
  </section>
  <footer
    className="page-footer"
  >
    <div
      className="logo"
    >
      <a
        className="logo__link logo__link--light"
        href="/"
        onClick={[Function]}
        style={Object {}}
      >
        <span
          className="logo__letter logo__letter--1"
        >
          W
        </span>
        <span
          className="logo__letter logo__letter--2"
        >
          T
        </span>
        <span
          className="logo__letter logo__letter--3"
        >
          W
        </span>
      </a>
    </div>
    <div
      className="copyright"
    >
      <p>
        Â© 2019 What to watch Ltd.
      </p>
    </div>
  </footer>
</div>
`;
