// Jest Snapshot v1, https://goo.gl/fbAQLP

exports[`Render correctly ScrollToTop component 1`] = `null`;
