// Jest Snapshot v1, https://goo.gl/fbAQLP

exports[`Render correctly App component 1`] = `
<div
  className="player"
  onWheel={[Function]}
>
  <p
    style={
      Object {
        "color": "#eee5b5",
        "fontSize": "12px",
        "left": "5px",
        "margin": "0",
        "padding": "0",
        "position": "absolute",
        "top": "5px",
        "zIndex": "10",
      }
    }
  >
    <small
      style={
        Object {
          "fontSize": "12px",
        }
      }
    >
      Volume wheelUp(+) | wheelDown(-)
    </small>
    <strong
      style={
        Object {
          "display": "block",
          "fontSize": "16px",
        }
      }
    >
      20
       %
    </strong>
  </p>
  <video
    style={
      Object {
        "backgroundColor": "black",
        "display": "block",
        "height": "100%",
        "left": "50%",
        "minHeight": "100%",
        "minWidth": "100%",
        "position": "absolute",
        "top": "50%",
        "transform": "translate(-50%, -50%)",
        "width": "100%",
      }
    }
  />
  <button
    className="player__exit"
    onClick={[Function]}
    type="button"
  >
    Exit
  </button>
  <div
    className="player__controls"
  >
    <div
      className="player__controls-row"
    >
      <div
        className="player__time"
      >
        <progress
          className="player__progress"
          max="100"
          value={0}
        />
        <div
          className="player__toggler"
          style={
            Object {
              "left": "0%",
            }
          }
        >
          Toggler
        </div>
      </div>
      <div
        className="player__time-value"
      >
        00:00:00
      </div>
    </div>
    <div
      className="player__controls-row"
    >
      <button
        className="player__play"
        onClick={[Function]}
        type="button"
      >
        <svg
          height="19"
          viewBox="0 0 19 19"
          width="19"
        >
          <use
            xlinkHref="#play-s"
          />
        </svg>
        <span>
          Play
        </span>
      </button>
      <div
        className="player__name"
      >
        DanteStrike
      </div>
      <button
        className="player__full-screen"
        onClick={[Function]}
        type="button"
      >
        <svg
          height="27"
          viewBox="0 0 27 27"
          width="27"
        >
          <use
            xlinkHref="#full-screen"
          />
        </svg>
        <span>
          Full screen
        </span>
      </button>
    </div>
  </div>
</div>
`;
