// Jest Snapshot v1, https://goo.gl/fbAQLP

exports[`Render correctly VideoPlayer component 1`] = `
<video
  src="https://upload.wikimedia.org/wikipedia/commons/transcoded/b/b3/Big_Buck_Bunny_Trailer_400p.ogv/Big_Buck_Bunny_Trailer_400p.ogv.360p.webm"
  style={
    Object {
      "display": "block",
      "height": "100%",
      "objectFit": "fill",
      "width": "100%",
    }
  }
/>
`;
