// Jest Snapshot v1, https://goo.gl/fbAQLP

exports[`Render correctly MovieCard component 1`] = `
<article
  className="small-movie-card catalog__movies-card"
  onMouseEnter={[Function]}
  onMouseLeave={[MockFunction]}
>
  <div
    className="small-movie-card__image"
  >
    <video
      style={
        Object {
          "display": "block",
          "height": "100%",
          "objectFit": "fill",
          "width": "100%",
        }
      }
    />
  </div>
  <h3
    className="small-movie-card__title"
  >
    <a
      className="small-movie-card__link"
      href="#"
    >
      Johnny English
    </a>
  </h3>
</article>
`;
