// Jest Snapshot v1, https://goo.gl/fbAQLP

exports[`Render correctly MainPage component 1`] = `
Array [
  <section
    className="movie-card"
  >
    <div
      className="movie-card__bg"
      style={
        Object {
          "backgroundColor": "#000000",
        }
      }
    >
      <img
        alt="filmTwo"
        src="img/filmTwo.jpg"
      />
    </div>
    <h1
      className="visually-hidden"
    >
      WTW
    </h1>
    <header
      className="page-header movie-card__head"
    >
      <div
        className="logo"
      >
        <a
          className="logo__link"
          href="/"
          onClick={[Function]}
        >
          <span
            className="logo__letter logo__letter--1"
          >
            W
          </span>
          <span
            className="logo__letter logo__letter--2"
          >
            T
          </span>
          <span
            className="logo__letter logo__letter--3"
          >
            W
          </span>
        </a>
      </div>
      <div
        className="user-block"
      >
        <div
          className="user-block__avatar"
        >
          <a
            href="/mylist"
            onClick={[Function]}
          >
            <img
              alt="User avatar"
              height="63"
              src="img/1.png"
              width="63"
            />
          </a>
        </div>
      </div>
    </header>
    <div
      className="movie-card__wrap"
    >
      <div
        className="movie-card__info"
      >
        <div
          className="movie-card__poster"
        >
          <img
            alt="filmTwo"
            height="327"
            src="img/filmTwo-poster.jpg"
            width="218"
          />
        </div>
        <div
          className="movie-card__desc"
        >
          <h2
            className="movie-card__title"
          >
            filmTwo
          </h2>
          <p
            className="movie-card__meta"
          >
            <span
              className="movie-card__genre"
            >
              genreTwo
            </span>
            <span
              className="movie-card__year"
            >
              2020
            </span>
          </p>
          <div
            className="movie-card__buttons"
          >
            <button
              className="btn btn--play movie-card__button"
              onClick={[Function]}
              type="button"
            >
              <svg
                height="19"
                viewBox="0 0 19 19"
                width="19"
              >
                <use
                  xlinkHref="#play-s"
                />
              </svg>
              <span>
                Play
              </span>
            </button>
            <button
              className="btn btn--list movie-card__button"
              onClick={[Function]}
              type="button"
            >
              <svg
                height="20"
                viewBox="0 0 19 20"
                width="19"
              >
                <use
                  xlinkHref="#add"
                />
              </svg>
              <span>
                My list
              </span>
            </button>
            <a
              className="btn movie-card__button"
              href="/films/3/add-review"
              onClick={[Function]}
            >
              Add review
            </a>
          </div>
        </div>
      </div>
    </div>
  </section>,
  <div
    className="page-content"
  >
    <section
      className="catalog"
    >
      <h2
        className="catalog__title visually-hidden"
      >
        Catalog
      </h2>
      <ul
        className="catalog__genres-list"
      >
        <li
          className="catalog__genres-item catalog__genres-item--active"
        >
          <a
            className="catalog__genres-link"
            href="#"
            onClick={[Function]}
          >
            All genre
          </a>
        </li>
        <li
          className="catalog__genres-item"
        >
          <a
            className="catalog__genres-link"
            href="#"
            onClick={[Function]}
          >
            genreOne
          </a>
        </li>
        <li
          className="catalog__genres-item"
        >
          <a
            className="catalog__genres-link"
            href="#"
            onClick={[Function]}
          >
            genreTwo
          </a>
        </li>
      </ul>
      <div
        className="catalog__movies-list"
      />
      <div
        className="catalog__more"
      >
        <button
          className="catalog__button"
          onClick={[Function]}
          type="button"
        >
          Show more
        </button>
      </div>
    </section>
    <footer
      className="page-footer"
    >
      <div
        className="logo"
      >
        <a
          className="logo__link logo__link--light"
          href="/"
          onClick={[Function]}
        >
          <span
            className="logo__letter logo__letter--1"
          >
            W
          </span>
          <span
            className="logo__letter logo__letter--2"
          >
            T
          </span>
          <span
            className="logo__letter logo__letter--3"
          >
            W
          </span>
        </a>
      </div>
      <div
        className="copyright"
      >
        <p>
          Â© 2019 What to watch Ltd.
        </p>
      </div>
    </footer>
  </div>,
]
`;
