// Jest Snapshot v1, https://goo.gl/fbAQLP

exports[`Render correctly PageTitle component 1`] = `
<h1
  className="page-title user-page__title"
>
  any
</h1>
`;
